<html>
<body>
<pre>
<h1>礦ision Build Log</h1>
<h2>Tool Versions:</h2>
IDE-Version: 礦ision V5.21.1.0
Copyright (C) 2016 ARM Ltd and ARM Germany GmbH. All rights reserved.
License Information: Nemo Yang, GGS, LIC=LSNMM-XT75R-I52TC-7MNGA-I8FH5-0VFT4
 
Tool Versions:
Toolchain:       MDK-ARM Plus  Version: 5.21a
Toolchain Path:  C:\Keil_v5\ARM\ARMCC\Bin
C Compiler:      Armcc.exe V5.06 update 3 (build 300)
Assembler:       Armasm.exe V5.06 update 3 (build 300)
Linker/Locator:  ArmLink.exe V5.06 update 3 (build 300)
Library Manager: ArmAr.exe V5.06 update 3 (build 300)
Hex Converter:   FromElf.exe V5.06 update 3 (build 300)
CPU DLL:         SARMCM3.DLL V5.21a
Dialog DLL:      DCM.DLL V1.13.8.0
Target DLL:      Segger\JL2CM3.dll V2.99.23.0
Dialog DLL:      TCM.DLL V1.14.14.0
 
<h2>Project:</h2>
C:\Nemo\MiniFly微型四轴飞行器光盘\2，MiniFly程序源码\3 , MiniFly V1.2\3 , MiniFly V1.2\2，MiniFly Remoter\Firmware_F103 V1.2\Firmware_F103 V1.2\USER\Firmware_F103.uvprojx
Project File Date:  07/02/2018

<h2>Output:</h2>
*** Using Compiler 'V5.06 update 3 (build 300)', folder: 'C:\Keil_v5\ARM\ARMCC\Bin'
Build target 'Firmware_F103'
compiling system_stm32f10x.c...
compiling stm32f10x_it.c...
compiling main.c...
compiling delay.c...
compiling config_param.c...
compiling sys.c...
compiling beep.c...
compiling atkp.c...
compiling joystick.c...
compiling keyTask.c...
compiling radiolink.c...
compiling remoter_ctrl.c...
compiling usblink.c...
compiling debug_ui.c...
compiling display.c...
compiling joystickCalib_ui.c...
compiling main_ui.c...
..\GUI_APP\src\main_ui.c(52): warning:  #550-D: variable "moduleID" was set but never used
  static enum expModuleID moduleID = NO_MODULE;
..\GUI_APP\src\main_ui.c: 1 warning, 0 errors
compiling match_ui.c...
compiling menu_ui.c...
compiling menuL1_item.c...
compiling menuL2_item.c...
compiling menuL3_item.c...
compiling reset_ui.c...
compiling trim_ui.c...
compiling debug_assert.c...
compiling freeRTOSdebug.c...
compiling 24l01.c...
compiling key.c...
compiling adc.c...
compiling led.c...
compiling stmflash.c...
compiling oled.c...
compiling button.c...
compiling font.c...
compiling gui_basic.c...
compiling gui_menu.c...
compiling lcmdrv.c...
compiling messagebox.c...
compiling windows.c...
compiling scrollbar.c...
compiling text.c...
compiling list.c...
compiling queue.c...
compiling tasks.c...
compiling timers.c...
compiling heap_4.c...
compiling port.c...
compiling hw_config.c...
compiling usb_desc.c...
compiling usb_endp.c...
compiling usb_istr.c...
compiling usb_prop.c...
compiling usb_pwr.c...
compiling usb_core.c...
compiling usb_init.c...
compiling usb_int.c...
compiling usb_mem.c...
compiling usb_sil.c...
compiling misc.c...
compiling usb_regs.c...
compiling stm32f10x_gpio.c...
compiling stm32f10x_rcc.c...
compiling stm32f10x_usart.c...
compiling stm32f10x_spi.c...
compiling stm32f10x_exti.c...
compiling stm32f10x_adc.c...
assembling startup_stm32f10x_md.s...
compiling stm32f10x_flash.c...
compiling stm32f10x_dma.c...
linking...
Program Size: Code=40520 RO-data=14536 RW-data=1548 ZI-data=15916  
FromELF: creating hex file...
"..\OBJ\Firmware_F103.axf" - 0 Error(s), 1 Warning(s).

<h2>Collection of Component include folders:</h2>
  C:\Nemo\MiniFly微型四轴飞行器光盘\2，MiniFly程序源码\3 , MiniFly V1.2\3 , MiniFly V1.2\2，MiniFly Remoter\Firmware_F103 V1.2\Firmware_F103 V1.2\USER\RTE
  C:\Keil_v5\ARM\PACK\Keil\STM32F1xx_DFP\2.0.0\Device\Include

<h2>Collection of Component Files used:</h2>
Build Time Elapsed:  00:00:22
</pre>
</body>
</html>
